info: Morgan logging skipped (TEST environment)
npx : (node:27388) ExperimentalWarning: VM 
Modules is an experimental feature and might 
change at any time
At line:1 char:1
+ npx cross-env 
NODE_OPTIONS=--experimental-vm-modules jest -i 
--colors ...
+ ~~~~~~~~~~~~~~~~~~~~~~~~~~~~~~~~~~~~~~~~~~~~~
~~~~~~~~~~~~~~~~~~~~~~~~
    + CategoryInfo          : NotSpecified: (( 
   node:27388) Ex...nge at any time:String) [  
  ], RemoteException
    + FullyQualifiedErrorId : NativeCommandErr 
   or
 
(Use `node --trace-warnings ...` to show where 
the warning was created)
  [2mconsole.log[22m
    uid12345
[2m[22m
[2m      [2mat log ([22m[2msrc/controllers/auth.controller.js[2m:36:13)[22m[2m[22m

[0m[7m[1m[31m FAIL [39m[22m[27m[0m 
[2mtests/[22m[1mauth.test.js[22m
  Auth Controller Unit Tests
    POST /register
      [31m├ù[39m [2mshould return 201 and 
successfully register user if data is valid 
(93 ms)[22m
      [31m├ù[39m [2mshould return 400 if 
email is already registered (22 ms)[22m
      [32mΓêÜ[39m [2mshould return 400 if 
validation fails (e.g., missing parameter) (26 
ms)[22m
    POST /login
      [32mΓêÜ[39m [2mshould return 200, 
tokens, and user data if logging in with email 
and password (16 ms)[22m
      [31m├ù[39m [2mshould fetch dashboard 
data if role is PRODUKSI on login (15 ms)[22m
      [32mΓêÜ[39m [2mshould return 200 and 
auth correctly if logging in with NFC UID (24 
ms)[22m
      [32mΓêÜ[39m [2mshould return 400 if 
bad request format (neither NFC nor 
email/password) (11 ms)[22m
      [32mΓêÜ[39m [2mshould return 401 
Unauthorized if authService throws ApiError 
(11 ms)[22m

[1m[31m  [1mΓùÅ [22m[1mAuth Controller 
Unit Tests ΓÇ║ POST /register ΓÇ║ should 
return 201 and successfully register user if 
data is valid[39m[22m

    [2mexpect([22m[31mreceived[39m[2m).[2
2mtoBe[2m([22m[32mexpected[39m[2m) // 
Object.is equality[22m

    Expected: [32m201[39m
    Received: [31m500[39m
[2m[22m
[2m    [0m [90m 72 |[39m       
[36mconst[39m res [33m=[39m 
[36mawait[39m request(app)[33m.[39mpost([3
2m"/auth/register"[39m)[33m.[39msend(newUser
Data)[33m;[39m[22m
[2m     [90m 73 |[39m[22m
[2m    [31m[1m>[22m[2m[39m[90m 74 
|[39m       expect(res[33m.[39mstatus)[33m.
[39mtoBe(httpStatus[33m.[39m[33mCREATED[39
m)[33m;[39m[22m
[2m     [90m    |[39m                       
   [31m[1m^[22m[2m[39m[22m
[2m     [90m 75 |[39m       expect(res[33m.
[39mbody)[33m.[39mtoHaveProperty([32m"messa
ge"[39m[33m,[39m [32m"Registrasi 
berhasil"[39m)[33m;[39m[22m
[2m     [90m 76 |[39m       expect(res[33m.
[39mbody[33m.[39mdata[33m.[39muser)[33m.
[39mtoBeDefined()[33m;[39m[22m
[2m     [90m 77 |[39m       expect(res[33m.
[39mbody[33m.[39mdata[33m.[39muser)[33m.
[39mnot[33m.[39mtoHaveProperty([32m"password
"[39m)[33m;[39m[0m[22m
[2m[22m
[2m      [2mat Object.toBe ([22m[2m[0m[36
mtests/auth.test.js[39m[0m[2m:74:26)[22m[2
m[22m

[1m[31m  [1mΓùÅ [22m[1mAuth Controller 
Unit Tests ΓÇ║ POST /register ΓÇ║ should 
return 400 if email is already 
registered[39m[22m

    [2mexpect([22m[31mreceived[39m[2m).[2
2mtoBe[2m([22m[32mexpected[39m[2m) // 
Object.is equality[22m

    Expected: [32m400[39m
    Received: [31m500[39m
[2m[22m
[2m    [0m [90m 91 |[39m       
[36mconst[39m res [33m=[39m 
[36mawait[39m request(app)[33m.[39mpost([3
2m"/auth/register"[39m)[33m.[39msend(newUser
Data)[33m;[39m[22m
[2m     [90m 92 |[39m[22m
[2m    [31m[1m>[22m[2m[39m[90m 93 
|[39m       expect(res[33m.[39mstatus)[33m.
[39mtoBe(httpStatus[33m.[39m[33mBAD_REQUEST
[39m)[33m;[39m[22m
[2m     [90m    |[39m                       
   [31m[1m^[22m[2m[39m[22m
[2m     [90m 94 |[39m       expect(res[33m.
[39mbody)[33m.[39mtoHaveProperty([32m"messa
ge"[39m[33m,[39m [32m"Email sudah 
terdaftar"[39m)[33m;[39m[22m
[2m     [90m 95 |[39m       expect(userServi
ce[33m.[39mcreateUser)[33m.[39mnot[33m.[3
9mtoHaveBeenCalled()[33m;[39m[22m
[2m     [90m 96 |[39m     
})[33m;[39m[0m[22m
[2m[22m
[2m      [2mat Object.toBe ([22m[2m[0m[36
mtests/auth.test.js[39m[0m[2m:93:26)[22m[2
m[22m

[1m[31m  [1mΓùÅ [22m[1mAuth Controller 
Unit Tests ΓÇ║ POST /login ΓÇ║ should fetch 
dashboard data if role is PRODUKSI on 
login[39m[22m

    [2mexpect([22m[31mreceived[39m[2m).[2
2mtoEqual[2m([22m[32mexpected[39m[2m) // 
deep equality[22m

    Expected: [32m{"plan": "Daily plan 
active"}[39m
    Received: [31mundefined[39m
[2m[22m
[2m    [0m [90m 167 |[39m[22m
[2m     [90m 168 |[39m       expect(res[33m
.[39mstatus)[33m.[39mtoBe(httpStatus[33m.[
39m[33mOK[39m)[33m;[39m[22m
[2m    [31m[1m>[22m[2m[39m[90m 169 
|[39m       expect(res[33m.[39mbody[33m.[3
9mdata[33m.[39mdashboard)[33m.[39mtoEqual(m
ockDashboard)[33m;[39m[22m
[2m     [90m     |[39m                      
                 [31m[1m^[22m[2m[39m[22m
[2m     [90m 170 |[39m[22m
[2m     [90m 171 |[39m       expect(rencanaP
roduksiService[33m.[39mgetRencanaProduksiHari
an)[33m.[39mtoHaveBeenCalled()[33m;[39m[22
m
[2m     [90m 172 |[39m     
})[33m;[39m[0m[22m
[2m[22m
[2m      [2mat Object.toEqual ([22m[2m[0m
[36mtests/auth.test.js[39m[0m[2m:169:39)[22
m[2m[22m

[1mTest Suites: [22m[1m[31m1 
failed[39m[22m, 1 total
[1mTests:       [22m[1m[31m3 
failed[39m[22m, [1m[32m5 passed[39m[22m, 
8 total
[1mSnapshots:   [22m0 total
[1mTime:[22m        2.357 s, estimated 3 s
[2mRan all test suites[22m[2m matching 
[22mtests/auth.test.js[2m.[22m
